src/App.tsx(65,63): error TS2741: Property 'locationOverride' is missing in type '{}' but required in type '{ locationOverride: any; pageTitle?: string | undefined; }'.
src/components/SEOHead.tsx(16,5): error TS6133: 'url' is declared but its value is never read.
src/pages/ITHardwareService.tsx(21,45): error TS2300: Duplicate identifier 'locationOverride'.
src/pages/ITHardwareService.tsx(22,11): error TS2300: Duplicate identifier 'locationOverride'.
src/pages/LocalizedServiceWrapper.tsx(20,5): error TS2322: Type 'LazyExoticComponent<({ locationOverride, pageTitle }: { locationOverride: any; pageTitle?: string | undefined; }) => Element>' is not assignable to type 'FC<{ locationOverride?: string | undefined; }>'.
  Types of parameters 'props' and 'props' are incompatible.
    Type '{ locationOverride?: string | undefined; }' is not assignable to type '{ locationOverride: any; pageTitle?: string | undefined; }'.
      Property 'locationOverride' is optional in type '{ locationOverride?: string | undefined; }' but required in type '{ locationOverride: any; pageTitle?: string | undefined; }'.
src/pages/MediaProductionService.tsx(17,50): error TS7031: Binding element 'locationOverride' implicitly has an 'any' type.
src/pages/ServiceAreas.tsx(2,1): error TS6192: All imports in import declaration are unused.
src/pages/ServiceAreas.tsx(3,1): error TS6192: All imports in import declaration are unused.
src/pages/ServiceAreas.tsx(4,30): error TS6133: 'ExternalLink' is declared but its value is never read.
src/pages/ServiceAreas.tsx(4,44): error TS6133: 'Activity' is declared but its value is never read.
src/pages/ServiceAreas.tsx(4,54): error TS6133: 'Users' is declared but its value is never read.
src/pages/ServiceAreas.tsx(4,61): error TS6133: 'Target' is declared but its value is never read.
src/pages/ServiceAreas.tsx(4,69): error TS6133: 'Zap' is declared but its value is never read.
src/pages/ServiceAreas.tsx(4,74): error TS6133: 'ChevronRight' is declared but its value is never read.
src/pages/ServiceAreas.tsx(4,95): error TS6133: 'TrendingUp' is declared but its value is never read.
